# API


---

## GET /users

listUsers returns a filtered page of users.



**Query:**

| name | value | required | desc |
| ------------ | ------------ | ------------ | ------------ |
| keyword |  | YES |  |
| page | 1 | NO |  |



---

## POST /users

createUser registers a new account.



---

## GET /users/:id

getUser returns a single user by id.

**Path Params:**

| name | value | required | desc |
| ------------ | ------------ | ------------ | ------------ |
| id |  | YES |  |



---

## PUT /users/:id

updateUser updates an existing user.

**Path Params:**

| name | value | required | desc |
| ------------ | ------------ | ------------ | ------------ |
| id |  | YES |  |



---

## DELETE /users/:id

deleteUser removes a user by id.

**Path Params:**

| name | value | required | desc |
| ------------ | ------------ | ------------ | ------------ |
| id |  | YES |  |


